39,3,4
-1
98,3,4
-1
239,3,4
-1
289,3,4
-1
361,3,4
-1
425,8,9
-1
522,3,5
5
522,4,5
-1
524,3,4
-1
627,2,3
-1
687,3,4
-1
739,4,5
-1
1274,1,3
-1
1292,1,3
-1
1308,3,4
-1
1343,3,4
-1
1539,3,4
-1
1634,3,4
-1
1728,5,6
-1
1730,4,5
-1
1929,4,5
-1
1986,3,4
-1
2069,5,6
-1
2200,3,4
-1
2235,5,6
-1
2274,4,5
-1
2325,4,5
-1
2348,4,5
-1
2375,3,4
-1
2513,3,4
-1
2589,3,4
-1
2604,3,4
-1
2743,3,4
-1
2747,3,4
-1
2760,3,4
-1
2769,9,12
14
2769,10,12
15
2790,3,4
-1
2795,2,3
-1
2828,3,4
-1
2844,3,4
-1
2884,4,5
-1
3034,4,5
-1
3080,3,4
-1
3145,4,6
6
3145,5,6
-1
3211,3,4
-1
3258,3,4
-1
3278,4,5
-1
3305,3,4
-1
3319,4,5
-1
3335,4,5
-1
3431,3,4
-1
3458,2,4
-1
3592,3,4
-1
3627,3,4
-1
3639,2,3
-1
3789,4,5
-1
3918,3,4
-1
4335,2,3
-1
4416,3,4
-1
4431,3,4
-1
4469,3,4
-1
4508,3,4
-1
4563,5,6
-1
4571,4,5
-1
4665,3,4
-1
4724,3,4
-1
4727,3,5
-1
4814,3,4
-1
5007,3,4
-1
5031,3,4
-1
5036,3,4
-1
5167,4,5
-1
5208,3,4
-1
5230,2,4
-1
5316,3,4
-1
5344,3,4
-1
5451,4,5
-1
5484,3,4
-1
5485,5,6
-1
5500,3,4
-1
5504,3,4
-1
5614,3,4
-1
5618,3,4
-1
5648,1,3
-1
5682,3,4
-1
5838,5,6
-1
5883,3,4
-1
5979,3,4
-1
6071,2,3
-1
6117,3,4
-1
6195,3,4
-1
6272,3,4
-1
6356,4,5
-1
6389,3,4
-1
6505,3,4
-1
6576,4,5
-1
6579,2,3
-1
6716,3,4
-1
6840,3,4
-1
6880,3,4
-1
6906,3,4
-1
6917,2,4
-1
7033,3,4
-1
7130,3,4
-1
7228,3,4
-1
7297,4,5
-1
7344,3,4
-1
7399,3,4
-1
7439,3,4
-1
7513,3,4
-1
7515,2,3
-1
7518,2,4
-1
7567,3,5
4
7567,4,5
-1
7672,4,8
6
7672,5,8
7
7672,6,8
8
7672,7,8
-1
7706,3,5
-1
7767,3,4
-1
7807,3,5
-1
7936,2,3
-1
7951,2,3
-1
7986,5,6
-1
8012,1,3
-1
8029,3,4
-1
8054,3,4
-1
8154,3,4
-1
8237,2,4
-1
8359,9,13
14
8359,10,13
15
8376,3,4
-1
8482,3,4
-1
8496,3,4
-1
8558,5,6
-1
8689,3,5
5
8689,4,5
-1
8725,3,6
1
8725,4,6
6
8725,5,6
7
8744,4,5
-1
8769,3,4
-1
8861,3,4
-1
8877,4,5
-1
8924,4,5
-1
9026,3,4
-1
9039,3,4
-1
9225,3,4
-1
9240,3,5
5
9240,4,5
-1
9319,3,4
-1
9540,3,4
-1
9689,3,5
-1
9697,3,4
-1
9784,3,4
-1
9802,3,4
-1
9838,4,5
-1
9923,3,4
-1
10013,3,4
-1
10028,9,13
14
10028,10,13
15
10034,3,4
-1
10099,4,5
-1
10376,3,4
-1
10407,3,4
-1
10422,5,6
-1
10513,3,4
-1
10524,3,4
-1
10566,5,6
-1
10584,4,5
-1
10702,3,4
-1
10808,3,4
-1
10814,4,5
-1
10815,3,4
-1
10821,5,6
-1
10918,5,6
-1
11075,4,5
-1
11078,3,5
-1
11120,3,4
-1
11140,3,4
-1
11147,2,3
-1
11168,4,5
-1
11178,4,6
-1
11182,5,6
-1
11204,4,5
-1
11268,3,4
-1
11331,3,4
-1
11372,3,4
-1
11543,3,4
-1
11620,3,4
-1
11655,3,4
-1
11670,3,5
-1
11679,3,4
-1
11705,3,4
-1
11726,3,4
-1
11762,3,4
-1
11830,2,3
-1
11849,3,4
-1
11859,3,4
-1
11938,3,4
-1
11949,3,4
-1
11961,3,4
-1
11996,3,4
-1
12111,3,4
-1
12154,5,6
-1
12157,3,4
-1
12168,4,5
-1
12206,3,5
-1
12250,3,5
1
12250,4,5
6
12347,3,4
-1
12362,3,4
-1
12586,3,5
-1
12647,5,6
-1
12663,4,6
-1
12745,3,5
-1
12857,3,4
-1
12905,3,4
-1
12931,3,4
-1
12941,3,4
-1
12973,3,4
-1
12998,3,4
-1
13014,4,5
-1
13060,4,5
-1
13068,4,5
-1
13109,4,6
-1
13141,2,3
-1
13152,3,4
-1
13342,2,4
-1
13497,2,3
-1
13529,3,4
-1
13566,3,4
-1
13596,3,4
-1
13661,3,5
-1
13664,3,4
-1
13824,3,4
-1
13850,3,4
-1
13851,3,5
5
13851,4,5
-1
13870,3,4
-1
14018,2,3
-1
14100,3,4
-1
14112,3,4
-1
14153,3,4
-1
14185,2,3
-1
14239,3,4
-1
14258,3,4
-1
14337,4,5
-1
14398,5,6
-1
14460,3,4
-1
14503,9,13
14
14509,3,5
-1
14600,7,8
-1
14776,3,4
-1
14800,3,4
-1
14922,3,5
-1
15029,5,6
-1
15049,3,5
-1
15106,3,4
-1
15126,3,4
-1
15129,3,5
5
15129,4,5
-1
15194,3,5
5
15194,4,5
-1
15206,2,3
-1
15222,3,4
-1
15476,2,3
-1
15534,3,4
-1
15554,3,4
-1
15565,3,4
-1
15582,5,6
-1
15583,3,5
5
15583,4,5
-1
15598,3,4
-1
15618,3,4
-1
15620,3,4
-1
15682,3,4
-1
15724,2,4
-1
15776,3,4
-1
15779,3,5
-1
15796,3,4
-1
15813,4,5
-1
15832,3,4
-1
15833,4,5
-1
15837,4,7
-1
[[2769, 8, 19, 0.8461538461538461], [7672, 0, 5, 1.0], [7672, 1, 5, 0.8333333333333334], [8359, 8, 19, 1.0], [10028, 8, 19, 1.0]]
